# Logfile created on 2021-03-03 08:51:32 +0000 by logger.rb/v1.4.2
[2021-03-03T08:51:32+00:00] INFO: Started Chef Infra Zero at chefzero://localhost:1 with repository at /opt/gitlab/embedded
  One version per cookbook

[2021-03-03T08:51:32+00:00] INFO: *** Chef Infra Client 15.14.0 ***
[2021-03-03T08:51:32+00:00] INFO: Platform: x86_64-linux
[2021-03-03T08:51:32+00:00] INFO: Chef-client pid: 25
[2021-03-03T08:51:32+00:00] WARN: Plugin Network: unable to detect ipaddress
[2021-03-03T08:51:33+00:00] INFO: Setting the run_list to ["recipe[gitlab]"] from CLI options
[2021-03-03T08:51:33+00:00] INFO: Run List is [recipe[gitlab]]
[2021-03-03T08:51:33+00:00] INFO: Run List expands to [gitlab]
[2021-03-03T08:51:33+00:00] INFO: Starting Chef Infra Client Run for 13d690bd0879
[2021-03-03T08:51:33+00:00] INFO: Running start handlers
[2021-03-03T08:51:33+00:00] INFO: Start handlers complete.
[2021-03-03T08:51:33+00:00] INFO: Loading cookbooks [gitlab@0.0.1, package@0.1.0, logrotate@0.1.0, postgresql@0.1.0, redis@0.1.0, monitoring@0.1.0, registry@0.1.0, mattermost@0.1.0, consul@0.1.0, gitaly@0.1.0, praefect@0.1.0, gitlab-kas@0.1.0, gitlab-pages@0.1.0, letsencrypt@0.1.0, nginx@0.1.0, runit@5.1.3, acme@4.1.1, crond@0.1.0]
[2021-03-03T08:51:35+00:00] INFO: directory[/etc/gitlab] owner changed to 0
[2021-03-03T08:51:35+00:00] INFO: directory[/etc/gitlab] group changed to 0
[2021-03-03T08:51:35+00:00] INFO: directory[/etc/gitlab] mode changed to 775
[2021-03-03T08:51:35+00:00] INFO: Skipped selecting an init system because it was explicitly disabled
[2021-03-03T08:51:36+00:00] INFO: directory[Create /var/opt/gitlab] owner changed to 0
[2021-03-03T08:51:36+00:00] INFO: directory[Create /var/opt/gitlab] group changed to 0
[2021-03-03T08:51:36+00:00] INFO: directory[Create /var/opt/gitlab] mode changed to 755
[2021-03-03T08:51:36+00:00] INFO: directory[Create /var/log/gitlab] owner changed to 0
[2021-03-03T08:51:36+00:00] INFO: directory[Create /var/log/gitlab] group changed to 0
[2021-03-03T08:51:36+00:00] INFO: directory[Create /var/log/gitlab] mode changed to 755
[2021-03-03T08:51:36+00:00] INFO: template[/var/opt/gitlab/.gitconfig] owner changed to 998
[2021-03-03T08:51:36+00:00] INFO: template[/var/opt/gitlab/.gitconfig] group changed to 998
[2021-03-03T08:51:36+00:00] INFO: template[/var/opt/gitlab/.gitconfig] mode changed to 644
[2021-03-03T08:51:36+00:00] INFO: directory[/var/opt/gitlab/.bundle] owner changed to 998
[2021-03-03T08:51:36+00:00] INFO: directory[/var/opt/gitlab/.bundle] group changed to 998
[2021-03-03T08:51:36+00:00] INFO: Running queued delayed notifications before re-raising exception
[2021-03-03T08:51:36+00:00] INFO: Running queued delayed notifications before re-raising exception
[2021-03-03T08:51:36+00:00] ERROR: Running exception handlers
[2021-03-03T08:51:36+00:00] ERROR: Exception handlers complete
[2021-03-03T08:51:36+00:00] FATAL: Stacktrace dumped to /opt/gitlab/embedded/cookbooks/cache/chef-stacktrace.out
[2021-03-03T08:51:36+00:00] FATAL: Please provide the contents of the stacktrace.out file if you file a bug report
[2021-03-03T08:51:36+00:00] FATAL: Mixlib::ShellOut::ShellCommandFailed: storage_directory[/var/opt/gitlab/.ssh] (gitlab::gitlab-shell line 34) had an error: Mixlib::ShellOut::ShellCommandFailed: ruby_block[directory resource: /var/opt/gitlab/.ssh] (/opt/gitlab/embedded/cookbooks/cache/cookbooks/package/resources/storage_directory.rb line 34) had an error: Mixlib::ShellOut::ShellCommandFailed: Expected process to exit with [0], but received '1'
---- Begin output of chgrp git /var/opt/gitlab/.ssh ----
STDOUT: 
STDERR: chgrp: changing group of '/var/opt/gitlab/.ssh': Operation not permitted
---- End output of chgrp git /var/opt/gitlab/.ssh ----
Ran chgrp git /var/opt/gitlab/.ssh returned 1
